Switch>enable
Switch#configure terminal 
Enter configuration commands, one per line.  End with CNTL/Z.
Switch(config)#int f0/1
Switch(config-if)#switchport mode trunk

Switch(config-if)#
%LINEPROTO-5-UPDOWN: Line protocol on Interface FastEthernet0/1, changed state to down

%LINEPROTO-5-UPDOWN: Line protocol on Interface FastEthernet0/1, changed state to up

Switch(config-if)#exit
Switch(config)#int vlan1
Switch(config-if)#ip address 192.168.10.26 255.255.255.248
Switch(config-if)#no shutdown

Switch(config-if)#
%LINK-5-CHANGED: Interface Vlan1, changed state to up

%LINEPROTO-5-UPDOWN: Line protocol on Interface Vlan1, changed state to up

Switch(config-if)#exit
Switch(config)#vtp mode serve
Device mode already VTP SERVER.
Switch(config)#vtp domain IRD
Changing VTP domain name from NULL to IRD
Switch(config)#vlan 11
Switch(config-vlan)#name ingenieria
Switch(config-vlan)#exit
Switch(config)#vlan 12
Switch(config-vlan)#name administracion
Switch(config-vlan)#exit
Switch(config)#vlan 13
Switch(config-vlan)#name seguridad
Switch(config-vlan)#exit
Switch(config)#int fa0/2
Switch(config-if)#switchport access vlan 13
Switch(config-if)#exit
Switch(config)#int f0/3
Switch(config-if)#switchport access vlan 11
Switch(config-if)#exit
Switch(config)#int f0/4
Switch(config-if)#swicthport access vlan 12
                     ^
% Invalid input detected at '^' marker.
	
Switch(config-if)#switchport access vlan 12
Switch(config-if)#exit
Switch(config)#